گزارش تست‌های واحد — رأس‌گیر چک (نسخه JVM)
تاریخ اجرا: 2026-09-03T16:10:23.768839062

=== تست اعداد گویا و گردکردن ===

=== تست تقویم شمسی ===

=== تست پول (تومان/ریال/حروف) ===

=== تست رأس وزنی ===

=== تست پیش‌پرداخت (فرمول قطعی) ===

=== تست پیشنهاد چک (جمع و رأس دقیق) ===
  [stats: total=160 exact=41 late=111 nearButInexact=8 maxResidualDays=370.0]

=== تست مدل پروژه (پیشنهاد → پیش‌پرداخت → دقیق) ===

=== تست فعال‌سازی وابسته به دستگاه (ECDSA P-256) ===

----------------------------------------
TOTAL  passed=414  failed=0
